Episode 10, mean 100-episode return -2714.52 +-295.41, returns -2649.68 -2531.01 -2868.27 -3150.6 -2304.06 -2604 -2650.66 -2444.74 -3311.51 -2630.64
Episode 20, mean 100-episode return -1587.99 +-1145.91, returns -478.232 -467.912 -441.901 -458.899 -504.328 -453.65 -472.674 -480.61 -466.543 -389.927
Episode 30, mean 100-episode return -1262.87 +-1042.78, returns -561.528 -592.053 -645.015 -567.145 -616.074 -634.596 -650.112 -657.628 -542.762 -659.243
Episode 40, mean 100-episode return -1043.61 +-979.86, returns -419.418 -302.246 -390.248 -366.203 -404.138 -372.984 -342.465 -428.713 -432.062 -400.017
Episode 50, mean 100-episode return -884.99 +-932.09, returns -257.102 -272.039 -232.927 -241.401 -274.124 -249.344 -246.638 -258.626 -228.807 -244.221
Episode 60, mean 100-episode return -764.45 +-892.61, returns -194.191 -159.08 -150.598 -160.053 -182.758 -211.309 -121.14 -133.708 -157.706 -146.796
Episode 70, mean 100-episode return -683.41 +-850.18, returns -184.583 -122.521 -159.122 -306.993 -292.947 -189.181 -195.319 -182.169 -137.926 -201.038
Episode 80, mean 100-episode return -615.92 +-815.09, returns -122.928 -141.994 -159.019 -148.678 -158.655 -117.711 -127.139 -127.161 -177.508 -153.9
Episode 90, mean 100-episode return -561.34 +-783.90, returns -123.245 -72.5836 -149.018 -148.88 -122.316 -120.324 -97.994 -83.38 -143.065 -186.293
Episode 100, mean 100-episode return -517.46 +-755.31, returns -65.6067 -79.9513 -125.552 -159.125 -174.329 -140.608 -88.8707 -132.292 -134.962 -124.204
Episode 110, mean 100-episode return -256.95 +-166.98, returns -117.884 -109.183 -120.229 -139.649 -126.625 -98.2271 -126.254 -76.279 -96.2841 -83.0132
Episode 120, mean 100-episode return -221.64 +-156.81, returns -103.541 -116.851 -104.031 -116.185 -92.8196 -106.574 -119.518 -111.372 -122.836 -90.2838
Episode 130, mean 100-episode return -173.60 +-87.47, returns -95.7952 -159.198 -134.658 -144.958 -144.857 -138.409 -137.981 -114.056 -124.49 -127.651
Episode 140, mean 100-episode return -147.10 +-51.21, returns -96.1083 -104.86 -143.324 -121.803 -93.4105 -150.794 -120.912 -129.649 -92.1941 -155.1
Episode 150, mean 100-episode return -135.08 +-37.93, returns -137.804 -117.677 -134.258 -106.785 -159.215 -137.441 -135.049 -124.446 -108.658 -142.822
Episode 160, mean 100-episode return -132.62 +-36.33, returns -121.711 -154.292 -162.334 -111.176 -150.203 -124.894 -135.788 -125.393 -133.892 -151.208
Episode 170, mean 100-episode return -126.67 +-23.98, returns -97.3559 -127.003 -147.785 -149.655 -135.8 -142.529 -132.553 -135.203 -147.538 -161.586
Episode 180, mean 100-episode return -126.16 +-23.83, returns -132.783 -151.827 -127.889 -98.7928 -164.386 -124.504 -123.349 -141.333 -148.421 -170.643
Episode 190, mean 100-episode return -129.04 +-24.00, returns -185.908 -147.62 -125.431 -140.059 -145.31 -161.979 -173.286 -134.103 -132.016 -189.074
Episode 200, mean 100-episode return -133.20 +-24.42, returns -180.416 -164.037 -172.776 -178.138 -175.792 -152.28 -187.175 -142.856 -139.151 -149.109
Episode 210, mean 100-episode return -137.57 +-23.00, returns -159.506 -135.856 -150.547 -149.849 -155.293 -165.301 -152.312 -164.278 -147.531 -149.864
Episode 220, mean 100-episode return -143.43 +-22.84, returns -170.4 -127.861 -180.419 -156.95 -165.525 -202.182 -185.191 -154.909 -168.972 -157.368
Episode 230, mean 100-episode return -143.75 +-22.67, returns -120.362 -131.755 -150.955 -102.39 -116.236 -158.626 -146.134 -141.664 -144.688 -141.738
Episode 240, mean 100-episode return -145.90 +-20.47, returns -151.3 -138.728 -142.251 -132.869 -164.239 -118.75 -142.882 -139.224 -150.974 -141.39
Episode 250, mean 100-episode return -149.71 +-23.60, returns -173.926 -183.398 -162.017 -171.948 -141.92 -100.286 -155.763 -262.092 -156.536 -177.943
Episode 260, mean 100-episode return -153.35 +-24.51, returns -178.375 -160.213 -188.435 -154.44 -190.287 -196.199 -128.563 -167.989 -197.52 -171.953
Episode 270, mean 100-episode return -158.50 +-28.54, returns -287.755 -175.155 -218.052 -146.536 -162.225 -177.331 -189.497 -219.765 -157.393 -158.427
[2026-06-23T18:33:51.854] error: *** JOB 99224 ON gpu-node3 CANCELLED AT 2026-06-23T18:33:51 DUE to SIGNAL Terminated ***
